Microsoft (R) Macro Assembler Version 6.11		    05/11/21 15:16:00
tmp.asm							     Page 1 - 1


				         .model     small              ;64k code and 64k data
				         .8086                         ;only allow 8086 instructions
				         .stack     256   
 0000				.data
				    ; mercury         db      5, 10, -5
				    ; venus           db      'a', 'b', 'c'
				    ; earth           dw      1, 2, 3
				    ; mars            db      '$'
				    ; p0 db  008h, 000h, 002h, 000h, 000h, 000h, 004h, 000h, 0FFh, 0FFh, 006h, 000h, 000h, 002h, 000h, 001h
 0000 08 00 02 00 00 00		    p0 db  008h, 000h, 002h, 000h, 000h, 000h, 004h, 000h, 0FFh, 0FFh, 006h, 000h, 000h, 002h, 000h, 001h
       04 00 FF FF 06 00
       00 02 00 01
 0000				.code
				
 0000				tmp:
				    ; mov cx, @data
				    ; mov ax, 0CF17h
				    ; mov bx, 011F1h
				    ; add ax, bx
				    ; mov ax, 0b20h
				
				    ; mov al, 140
				    ; mov bl, 107
				
				    ; mov al, 0E7h
				    ;   cbw
				    ;   mov cl, 10
				    ;   idiv cl
				
				    ; add al, bl
				
				    ; mov ax, 200h
				    ; mov bx, 400h
				    ; mul bx
				
				    ; mov ax, 0000Ah
				    ; mov bx, 00002h
				    ; mov cx, 00003h
				    ; mov dx, 0000Bh
				
				    ; mul bl
				    ; div dl
				
				    ; mov ax, 200h
				    ; mov bx, 400h
				    ; mul bx
				
				    ; mov ax, 00014h
				    ; mov bx, 00919h
				    ; mov cx, 0A00Ah
				    ; mov dx, 0F00Fh
				
				    ; imul cx
				
 0000  B8 ---- R		    mov       ax,@data
 0003  8E D8			    mov       ds,ax
				
				    ; mov si, 0006h
				    ; mov di, [si + 3]
				
 0005  BB 0002			    mov bx, 0002h
				
 0008  8B 1F			    mov BX, [BX]
 000A  8B 1F			    mov BX, [BX]
 000C  8B 1F			    mov BX, [BX]
				
				    ; mov bp, 0420h
				    ; mov di, 0140h
				
				    ; mov AX, [BP + DI + 8]
				
				
				    ; mov bx, [earth]
				    ; mov al, bh
				 
				
 000E				done:
 000E  B8 4C00			    mov       ax,4c00h            ;set dos code to terminate program
 0011  CD 21			    int       21h  
				    end       tmp   
Microsoft (R) Macro Assembler Version 6.11		    05/11/21 15:16:00
tmp.asm							     Symbols 2 - 1




Segments and Groups:

                N a m e                 Size     Length   Align   Combine Class

DGROUP . . . . . . . . . . . . .	GROUP
_DATA  . . . . . . . . . . . . .	16 Bit	 0010	  Word	  Public  'DATA'	
STACK  . . . . . . . . . . . . .	16 Bit	 0100	  Para	  Stack	  'STACK'	 
_TEXT  . . . . . . . . . . . . .	16 Bit	 0013	  Word	  Public  'CODE'	


Symbols:

                N a m e                 Type     Value    Attr

@CodeSize  . . . . . . . . . . .	Number	 0000h	 
@DataSize  . . . . . . . . . . .	Number	 0000h	 
@Interface . . . . . . . . . . .	Number	 0000h	 
@Model . . . . . . . . . . . . .	Number	 0002h	 
@code  . . . . . . . . . . . . .	Text   	 _TEXT
@data  . . . . . . . . . . . . .	Text   	 DGROUP
@fardata?  . . . . . . . . . . .	Text   	 FAR_BSS
@fardata . . . . . . . . . . . .	Text   	 FAR_DATA
@stack . . . . . . . . . . . . .	Text   	 DGROUP
done . . . . . . . . . . . . . .	L Near	 000E	  _TEXT	
p0 . . . . . . . . . . . . . . .	Byte	 0000	  _DATA	
tmp  . . . . . . . . . . . . . .	L Near	 0000	  _TEXT	

	   0 Warnings
	   0 Errors
