Microsoft (R) Macro Assembler Version 6.11		    03/17/21 01:53:22
tmp.asm							     Page 1 - 1


				         .model     small              ;64k code and 64k data
				         .8086                         ;only allow 8086 instructions
				         .stack     256   
 0000				.data
 0000 7FFF			p0 dw 7fffh
				
 0000				.code
				
				; subr:   push  ax                                              
				;         push  si                                              
				;         mov   ax,[si]                                         
				;         mov   [si],ah                                         
				;         mov   [si+1],al  
				
				;         mov bx, [WORD PTR si]
				
				;         pop   si                                              
				;         pop   ax                                              
				;         ret  
				
 0000  BB 0002			subr:       mov  bx,2                                             
 0003  B9 0001			            mov  cx,1                                             
 0006  8B 04			            mov  ax,[si]                                          
 0008  F7 E3			            mul  bx                                               
 000A  72 02			            jc   subret                                           
 000C  F7 F1			            div  cx                                               
 000E  C3			subret:     ret    
				
 000F				tmp:
 000F  E8 FFEE			    call subr
 0012				done:
 0012  B8 4C00			    mov       ax,4c00h            ;set dos code to terminate program
 0015  CD 21			    int       21h  
				    end       tmp   
Microsoft (R) Macro Assembler Version 6.11		    03/17/21 01:53:22
tmp.asm							     Symbols 2 - 1




Segments and Groups:

                N a m e                 Size     Length   Align   Combine Class

DGROUP . . . . . . . . . . . . .	GROUP
_DATA  . . . . . . . . . . . . .	16 Bit	 0002	  Word	  Public  'DATA'	
STACK  . . . . . . . . . . . . .	16 Bit	 0100	  Para	  Stack	  'STACK'	 
_TEXT  . . . . . . . . . . . . .	16 Bit	 0017	  Word	  Public  'CODE'	


Symbols:

                N a m e                 Type     Value    Attr

@CodeSize  . . . . . . . . . . .	Number	 0000h	 
@DataSize  . . . . . . . . . . .	Number	 0000h	 
@Interface . . . . . . . . . . .	Number	 0000h	 
@Model . . . . . . . . . . . . .	Number	 0002h	 
@code  . . . . . . . . . . . . .	Text   	 _TEXT
@data  . . . . . . . . . . . . .	Text   	 DGROUP
@fardata?  . . . . . . . . . . .	Text   	 FAR_BSS
@fardata . . . . . . . . . . . .	Text   	 FAR_DATA
@stack . . . . . . . . . . . . .	Text   	 DGROUP
done . . . . . . . . . . . . . .	L Near	 0012	  _TEXT	
p0 . . . . . . . . . . . . . . .	Word	 0000	  _DATA	
subret . . . . . . . . . . . . .	L Near	 000E	  _TEXT	
subr . . . . . . . . . . . . . .	L Near	 0000	  _TEXT	
tmp  . . . . . . . . . . . . . .	L Near	 000F	  _TEXT	

	   0 Warnings
	   0 Errors
