Microsoft (R) Macro Assembler Version 6.11		    03/10/21 01:09:32
tabs.asm						     Page 1 - 1


				        .model     small
				        .8086          
				        .stack     256 
 0000				.code
				   
 0000				default:
 0000  B3 0A			    mov bl, 10
 0002  EB 10			    jmp main_body
				
 0004				get_tab_count:
 0004  26: 80 3E 0080 00	    cmp byte ptr es:[80h],0
 000A  74 F4			    je default
				
 000C  26: 8A 1E 0082		    mov bl, byte ptr es:[82h]
 0011  80 EB 30			    sub bl, '0'
				   
 0014				main_body:
 0014  33 C9			    xor cx, cx
 0016  8A CB			    mov cl, bl
				
 0018				main_loop:
 0018  B4 08			    mov ah, 08h                 ; read from stdin into al, no echo.
 001A  CD 21			    int 21h                     ; int'rupt.
 001C  8A D0			    mov dl, al
				
 001E  3C 09			    cmp al, 09h
 0020  74 15			    je print_space
				
 0022  B4 02			    mov ah, 02h                 ; print to stdout from dl.
 0024  CD 21			    int 21h                     ; int'rupt.
				
 0026  3C 0D			    cmp al, 0dh
 0028  74 EA			    je main_body
 002A  3C 0A			    cmp al, 0ah
 002C  74 E6			    je main_body
 002E  3C 1A			    cmp al, 1ah
 0030  74 0F			    je done
				
 0032  49			    dec cx
 0033  E3 DF			    jcxz main_body
 0035  EB E1			    jmp main_loop
				
 0037				print_space:
 0037  B2 20			    mov dl, ' '
 0039				print_space_loop:
 0039  B4 02			    mov ah, 02h                 ; print to stdout from dl.
 003B  CD 21			    int 21h                     ; int'rupt.
 003D  E2 FA			    loop print_space_loop
				
 003F  EB D3			    jmp main_body
				
 0041				done:
 0041  B4 4C			    mov ah, 4ch                 
 0043  CD 21			    int 21h  
				
				    end get_tab_count  
Microsoft (R) Macro Assembler Version 6.11		    03/10/21 01:09:32
tabs.asm						     Symbols 2 - 1




Segments and Groups:

                N a m e                 Size     Length   Align   Combine Class

DGROUP . . . . . . . . . . . . .	GROUP
_DATA  . . . . . . . . . . . . .	16 Bit	 0000	  Word	  Public  'DATA'	
STACK  . . . . . . . . . . . . .	16 Bit	 0100	  Para	  Stack	  'STACK'	 
_TEXT  . . . . . . . . . . . . .	16 Bit	 0045	  Word	  Public  'CODE'	


Symbols:

                N a m e                 Type     Value    Attr

@CodeSize  . . . . . . . . . . .	Number	 0000h	 
@DataSize  . . . . . . . . . . .	Number	 0000h	 
@Interface . . . . . . . . . . .	Number	 0000h	 
@Model . . . . . . . . . . . . .	Number	 0002h	 
@code  . . . . . . . . . . . . .	Text   	 _TEXT
@data  . . . . . . . . . . . . .	Text   	 DGROUP
@fardata?  . . . . . . . . . . .	Text   	 FAR_BSS
@fardata . . . . . . . . . . . .	Text   	 FAR_DATA
@stack . . . . . . . . . . . . .	Text   	 DGROUP
default  . . . . . . . . . . . .	L Near	 0000	  _TEXT	
done . . . . . . . . . . . . . .	L Near	 0041	  _TEXT	
get_tab_count  . . . . . . . . .	L Near	 0004	  _TEXT	
main_body  . . . . . . . . . . .	L Near	 0014	  _TEXT	
main_loop  . . . . . . . . . . .	L Near	 0018	  _TEXT	
print_space_loop . . . . . . . .	L Near	 0039	  _TEXT	
print_space  . . . . . . . . . .	L Near	 0037	  _TEXT	

	   0 Warnings
	   0 Errors
