Microsoft (R) Macro Assembler Version 6.11		    03/10/21 02:22:06
tabs.asm						     Page 1 - 1


				        .model     small
				        .8086          
				        .stack     256 
 0000				.code
				   
				
 0000				print_space:
 0000  B2 20			    mov dl, ' '
 0002				print_space_loop:
 0002  B4 02			    mov ah, 02h                 ; print to stdout from dl.
 0004  CD 21			    int 21h                     ; int'rupt.
 0006  E2 FA			    loop print_space_loop
 0008				main_body:
 0008  26: 8A 0E 0082		    mov cl, byte ptr es:[82h]
 000D  80 E9 30			    sub cl, '0'
 0010				main_loop:
 0010  B4 08			    mov ah, 08h                 ; read from stdin into al, no echo.
 0012  CD 21			    int 21h                     ; int'rupt.
 0014  8A D0			    mov dl, al
				
 0016  3C 09			    cmp al, 09h
 0018  74 E6			    je print_space
				
 001A  B4 02			    mov ah, 02h                 ; print to stdout from dl.
 001C  CD 21			    int 21h                     ; int'rupt.
				
 001E  3C 0D			    cmp al, 0dh
 0020  74 E6			    je main_body
 0022  3C 0A			    cmp al, 0ah
 0024  74 E2			    je main_body
				    
 0026  3C 1A			    cmp al, 1ah
 0028  74 05			    je done
				
 002A  49			    dec cx
 002B  E3 DB			    jcxz main_body
 002D  EB E1			    jmp main_loop
				
				
 002F				done:
 002F  B4 4C			    mov ah, 4ch                 
 0031  CD 21			    int 21h  
				
				    end main_body  
Microsoft (R) Macro Assembler Version 6.11		    03/10/21 02:22:06
tabs.asm						     Symbols 2 - 1




Segments and Groups:

                N a m e                 Size     Length   Align   Combine Class

DGROUP . . . . . . . . . . . . .	GROUP
_DATA  . . . . . . . . . . . . .	16 Bit	 0000	  Word	  Public  'DATA'	
STACK  . . . . . . . . . . . . .	16 Bit	 0100	  Para	  Stack	  'STACK'	 
_TEXT  . . . . . . . . . . . . .	16 Bit	 0033	  Word	  Public  'CODE'	


Symbols:

                N a m e                 Type     Value    Attr

@CodeSize  . . . . . . . . . . .	Number	 0000h	 
@DataSize  . . . . . . . . . . .	Number	 0000h	 
@Interface . . . . . . . . . . .	Number	 0000h	 
@Model . . . . . . . . . . . . .	Number	 0002h	 
@code  . . . . . . . . . . . . .	Text   	 _TEXT
@data  . . . . . . . . . . . . .	Text   	 DGROUP
@fardata?  . . . . . . . . . . .	Text   	 FAR_BSS
@fardata . . . . . . . . . . . .	Text   	 FAR_DATA
@stack . . . . . . . . . . . . .	Text   	 DGROUP
done . . . . . . . . . . . . . .	L Near	 002F	  _TEXT	
main_body  . . . . . . . . . . .	L Near	 0008	  _TEXT	
main_loop  . . . . . . . . . . .	L Near	 0010	  _TEXT	
print_space_loop . . . . . . . .	L Near	 0002	  _TEXT	
print_space  . . . . . . . . . .	L Near	 0000	  _TEXT	

	   0 Warnings
	   0 Errors
